<html>
<body>
<pre>
<h1>µVision Build Log</h1>
<h2>Tool Versions:</h2>
IDE-Version: ¦ÌVision V5.14.0.0
Copyright (C) 2015 ARM Ltd and ARM Germany GmbH. All rights reserved.
License Information: qing qingkong, qing, LIC=585GK-ZLLS2-2Z1W4-F28SU-ADNAK-U3KBT
 
Tool Versions:
Toolchain:       MDK-ARM Standard  Version: 5.14.0.0
Toolchain Path:  C:\Keil_v5\ARM\ARMCC\Bin
C Compiler:      Armcc.exe V5.05 update 1 (build 106)
Assembler:       Armasm.exe V5.05 update 1 (build 106)
Linker/Locator:  ArmLink.exe V5.05 update 1 (build 106)
Library Manager: ArmAr.exe V5.05 update 1 (build 106)
Hex Converter:   FromElf.exe V5.05 update 1 (build 106)
CPU DLL:         SARMCM3.DLL V5.14.0.0
Dialog DLL:      DCM.DLL V1.13.1.0
Target DLL:      CMSIS_AGDI.dll V1.21.0.0
Dialog DLL:      TCM.DLL V1.14.4.0
 
<h2>Project:</h2>
F:\ROV32\Project\rov_attitude.uvprojx
Project File Date:  01/22/2018

<h2>Output:</h2>
Build target 'rov_attitude'
compiling tim8.c...
..\User\Adanved_timx\tim8.c(58): warning:  #177-D: variable "TIM_BDTRInitStructure" was declared but never referenced
        TIM_BDTRInitTypeDef TIM_BDTRInitStructure;
..\User\Adanved_timx\tim8.c: 1 warning, 0 errors
linking...
Program Size: Code=15912 RO-data=336 RW-data=96 ZI-data=1552  
FromELF: creating hex file...
"..\Output\rov_attitude.axf" - 0 Error(s), 1 Warning(s).

<h2>Collection of Component include folders:</h2>
  F:\ROV32\Project\RTE
  C:\Keil_v5\ARM\PACK\Keil\STM32F1xx_DFP\1.0.2\Device\Include

<h2>Collection of Component Files used:</h2>
</pre>
</body>
</html>
