<html>
<body>
<pre>
<h1>µVision Build Log</h1>
<h2>Tool Versions:</h2>
IDE-Version: ¦ÌVision V5.14.0.0
Copyright (C) 2015 ARM Ltd and ARM Germany GmbH. All rights reserved.
License Information: qing qingkong, qing, LIC=585GK-ZLLS2-2Z1W4-F28SU-ADNAK-U3KBT
 
Tool Versions:
Toolchain:       MDK-ARM Standard  Version: 5.14.0.0
Toolchain Path:  C:\Keil_v5\ARM\ARMCC\Bin
C Compiler:      Armcc.exe V5.05 update 1 (build 106)
Assembler:       Armasm.exe V5.05 update 1 (build 106)
Linker/Locator:  ArmLink.exe V5.05 update 1 (build 106)
Library Manager: ArmAr.exe V5.05 update 1 (build 106)
Hex Converter:   FromElf.exe V5.05 update 1 (build 106)
CPU DLL:         SARMCM3.DLL V5.14.0.0
Dialog DLL:      DCM.DLL V1.13.1.0
Target DLL:      STLink\ST-LINKIII-KEIL_SWO.dll V2.0.14.0_KEIL
Dialog DLL:      TCM.DLL V1.14.4.0
 
<h2>Project:</h2>
F:\ROV32-latest\Project\rov_attitude.uvprojx
Project File Date:  05/18/2018

<h2>Output:</h2>
Build target 'rov_attitude'
compiling loop.c...
..\Control\loop\loop.c(47): warning:  #550-D: variable "len" was set but never used
          int len;
..\Control\loop\loop.c(84): warning:  #177-D: function "Loop_Ms5837" was declared but never referenced
  static void Loop_Ms5837(void)
..\Control\loop\loop.c: 2 warnings, 0 errors
linking...
Program Size: Code=26164 RO-data=3364 RW-data=280 ZI-data=5936  
FromELF: creating hex file...
"..\Output\rov_attitude.axf" - 0 Error(s), 2 Warning(s).

<h2>Collection of Component include folders:</h2>
  F:\ROV32-latest\Project\RTE
  C:\Keil_v5\ARM\PACK\Keil\STM32F1xx_DFP\1.0.2\Device\Include

<h2>Collection of Component Files used:</h2>
</pre>
</body>
</html>
